// Jest Snapshot v1, https://goo.gl/fbAQLP

exports[`Date.now() to match snapshot w/ options 1`] = `1498089600000`;

exports[`Date.now() to match snapshot w/o options 1`] = `1479427200000`;
